2026-02-26 17:57:13.536 [background-preinit] INFO  org.hibernate.validator.internal.util.Version - HV000001: Hibernate Validator 8.0.1.Final
2026-02-26 17:57:13.729 [main] INFO  com.rosy.WebApplication - Starting WebApplication v0.0.1 using Java 17.0.18 with PID 113 (/home/wangsen/programe/EvaluationLLM/GSB0225/KimiK2.5/SpringBoot3-CLI/web/target/web-0.0.1.jar started by wangsen in /home/wangsen/programe/EvaluationLLM/GSB0225/KimiK2.5/SpringBoot3-CLI)
2026-02-26 17:57:13.731 [main] INFO  com.rosy.WebApplication - The following 1 profile is active: "dev"
2026-02-26 17:57:16.813 [main] INFO  o.s.d.r.config.RepositoryConfigurationDelegate - Multiple Spring Data modules found, entering strict repository configuration mode
2026-02-26 17:57:16.818 [main] INFO  o.s.d.r.config.RepositoryConfigurationDelegate - Bootstrapping Spring Data Redis repositories in DEFAULT mode.
2026-02-26 17:57:16.902 [main] INFO  o.s.d.r.config.RepositoryConfigurationDelegate - Finished Spring Data repository scanning in 44 ms. Found 0 Redis repository interfaces.
2026-02-26 17:57:20.176 [main] INFO  o.s.boot.web.embedded.tomcat.TomcatWebServer - Tomcat initialized with port 8080 (http)
2026-02-26 17:57:20.214 [main] INFO  org.apache.coyote.http11.Http11NioProtocol - Initializing ProtocolHandler ["http-nio-0.0.0.0-8080"]
2026-02-26 17:57:20.221 [main] INFO  org.apache.catalina.core.StandardService - Starting service [Tomcat]
2026-02-26 17:57:20.222 [main] INFO  org.apache.catalina.core.StandardEngine - Starting Servlet engine: [Apache Tomcat/10.1.33]
2026-02-26 17:57:20.351 [main] INFO  o.a.c.core.ContainerBase.[Tomcat].[localhost].[/] - Initializing Spring embedded WebApplicationContext
2026-02-26 17:57:20.352 [main] INFO  o.s.b.w.s.c.ServletWebServerApplicationContext - Root WebApplicationContext: initialization completed in 6456 ms
2026-02-26 17:57:22.808 [main] INFO  o.s.s.c.a.a.c.InitializeUserDetailsBeanManagerConfigurer$InitializeUserDetailsManagerConfigurer - Global AuthenticationManager configured with UserDetailsService bean with name inMemoryUserDetailsManager
2026-02-26 17:57:29.931 [main] INFO  org.apache.coyote.http11.Http11NioProtocol - Starting ProtocolHandler ["http-nio-0.0.0.0-8080"]
2026-02-26 17:57:29.966 [main] INFO  o.s.boot.web.embedded.tomcat.TomcatWebServer - Tomcat started on port 8080 (http) with context path '/'
2026-02-26 17:57:30.001 [main] INFO  com.rosy.WebApplication - Started WebApplication in 17.603 seconds (process running for 22.027)
2026-02-26 17:57:38.864 [http-nio-0.0.0.0-8080-exec-1] INFO  o.a.c.core.ContainerBase.[Tomcat].[localhost].[/] - Initializing Spring DispatcherServlet 'dispatcherServlet'
2026-02-26 17:57:38.864 [http-nio-0.0.0.0-8080-exec-1] INFO  org.springframework.web.servlet.DispatcherServlet - Initializing Servlet 'dispatcherServlet'
2026-02-26 17:57:38.866 [http-nio-0.0.0.0-8080-exec-1] INFO  org.springframework.web.servlet.DispatcherServlet - Completed initialization in 1 ms
2026-02-26 17:57:39.075 [http-nio-0.0.0.0-8080-exec-1] INFO  com.zaxxer.hikari.HikariDataSource - HikariPool-1 - Starting...
2026-02-26 17:57:39.760 [http-nio-0.0.0.0-8080-exec-1] INFO  com.zaxxer.hikari.pool.HikariPool - HikariPool-1 - Added connection conn0: url=jdbc:h2:mem:example user=SA
2026-02-26 17:57:39.765 [http-nio-0.0.0.0-8080-exec-1] INFO  com.zaxxer.hikari.HikariDataSource - HikariPool-1 - Start completed.
2026-02-26 17:58:52.548 [background-preinit] INFO  org.hibernate.validator.internal.util.Version - HV000001: Hibernate Validator 8.0.1.Final
2026-02-26 17:58:53.215 [main] INFO  com.rosy.WebApplication - Starting WebApplication v0.0.1 using Java 17.0.18 with PID 117 (/home/wangsen/programe/EvaluationLLM/GSB0225/KimiK2.5/SpringBoot3-CLI/web/target/web-0.0.1.jar started by wangsen in /home/wangsen/programe/EvaluationLLM/GSB0225/KimiK2.5/SpringBoot3-CLI)
2026-02-26 17:58:53.218 [main] INFO  com.rosy.WebApplication - The following 1 profile is active: "dev"
2026-02-26 17:58:55.302 [main] INFO  o.s.d.r.config.RepositoryConfigurationDelegate - Multiple Spring Data modules found, entering strict repository configuration mode
2026-02-26 17:58:55.310 [main] INFO  o.s.d.r.config.RepositoryConfigurationDelegate - Bootstrapping Spring Data Redis repositories in DEFAULT mode.
2026-02-26 17:58:55.495 [main] INFO  o.s.d.r.config.RepositoryConfigurationDelegate - Finished Spring Data repository scanning in 70 ms. Found 0 Redis repository interfaces.
2026-02-26 17:58:59.963 [main] INFO  o.s.boot.web.embedded.tomcat.TomcatWebServer - Tomcat initialized with port 8080 (http)
2026-02-26 17:58:59.994 [main] INFO  org.apache.coyote.http11.Http11NioProtocol - Initializing ProtocolHandler ["http-nio-0.0.0.0-8080"]
2026-02-26 17:58:59.999 [main] INFO  org.apache.catalina.core.StandardService - Starting service [Tomcat]
2026-02-26 17:59:00.000 [main] INFO  org.apache.catalina.core.StandardEngine - Starting Servlet engine: [Apache Tomcat/10.1.33]
2026-02-26 17:59:00.176 [main] INFO  o.a.c.core.ContainerBase.[Tomcat].[localhost].[/] - Initializing Spring embedded WebApplicationContext
2026-02-26 17:59:00.178 [main] INFO  o.s.b.w.s.c.ServletWebServerApplicationContext - Root WebApplicationContext: initialization completed in 6706 ms
2026-02-26 17:59:02.039 [main] INFO  com.zaxxer.hikari.HikariDataSource - HikariPool-1 - Starting...
2026-02-26 17:59:09.746 [main] INFO  o.s.s.c.a.a.c.InitializeUserDetailsBeanManagerConfigurer$InitializeUserDetailsManagerConfigurer - Global AuthenticationManager configured with UserDetailsService bean with name inMemoryUserDetailsManager
2026-02-26 17:59:18.956 [main] INFO  org.apache.coyote.http11.Http11NioProtocol - Starting ProtocolHandler ["http-nio-0.0.0.0-8080"]
2026-02-26 17:59:21.102 [main] INFO  o.s.b.a.logging.ConditionEvaluationReportLogger - 

Error starting ApplicationContext. To display the condition evaluation report re-run your application with 'debug' enabled.
2026-02-26 17:59:30.159 [background-preinit] INFO  org.hibernate.validator.internal.util.Version - HV000001: Hibernate Validator 8.0.1.Final
2026-02-26 17:59:30.414 [main] INFO  com.rosy.WebApplication - Starting WebApplication v0.0.1 using Java 17.0.18 with PID 3 (/home/wangsen/programe/EvaluationLLM/GSB0225/KimiK2.5/SpringBoot3-CLI/web/target/web-0.0.1.jar started by wangsen in /home/wangsen/programe/EvaluationLLM/GSB0225/KimiK2.5/SpringBoot3-CLI)
2026-02-26 17:59:30.416 [main] INFO  com.rosy.WebApplication - The following 1 profile is active: "dev"
2026-02-26 17:59:34.784 [main] INFO  o.s.d.r.config.RepositoryConfigurationDelegate - Multiple Spring Data modules found, entering strict repository configuration mode
2026-02-26 17:59:34.800 [main] INFO  o.s.d.r.config.RepositoryConfigurationDelegate - Bootstrapping Spring Data Redis repositories in DEFAULT mode.
2026-02-26 17:59:34.913 [main] INFO  o.s.d.r.config.RepositoryConfigurationDelegate - Finished Spring Data repository scanning in 65 ms. Found 0 Redis repository interfaces.
2026-02-26 17:59:39.334 [main] INFO  o.s.boot.web.embedded.tomcat.TomcatWebServer - Tomcat initialized with port 8080 (http)
2026-02-26 17:59:39.371 [main] INFO  org.apache.coyote.http11.Http11NioProtocol - Initializing ProtocolHandler ["http-nio-0.0.0.0-8080"]
2026-02-26 17:59:39.376 [main] INFO  org.apache.catalina.core.StandardService - Starting service [Tomcat]
2026-02-26 17:59:39.376 [main] INFO  org.apache.catalina.core.StandardEngine - Starting Servlet engine: [Apache Tomcat/10.1.33]
2026-02-26 17:59:39.519 [main] INFO  o.a.c.core.ContainerBase.[Tomcat].[localhost].[/] - Initializing Spring embedded WebApplicationContext
2026-02-26 17:59:39.520 [main] INFO  o.s.b.w.s.c.ServletWebServerApplicationContext - Root WebApplicationContext: initialization completed in 8921 ms
2026-02-26 17:59:41.022 [main] INFO  com.zaxxer.hikari.HikariDataSource - HikariPool-1 - Starting...
2026-02-26 17:59:47.045 [main] INFO  o.s.s.c.a.a.c.InitializeUserDetailsBeanManagerConfigurer$InitializeUserDetailsManagerConfigurer - Global AuthenticationManager configured with UserDetailsService bean with name inMemoryUserDetailsManager
2026-02-26 17:59:53.103 [main] INFO  org.apache.coyote.http11.Http11NioProtocol - Starting ProtocolHandler ["http-nio-0.0.0.0-8080"]
2026-02-26 17:59:55.280 [main] INFO  o.s.b.a.logging.ConditionEvaluationReportLogger - 

Error starting ApplicationContext. To display the condition evaluation report re-run your application with 'debug' enabled.
2026-02-26 18:00:13.415 [background-preinit] INFO  org.hibernate.validator.internal.util.Version - HV000001: Hibernate Validator 8.0.1.Final
2026-02-26 18:00:13.757 [main] INFO  com.rosy.WebApplication - Starting WebApplication v0.0.1 using Java 17.0.18 with PID 3 (/home/wangsen/programe/EvaluationLLM/GSB0225/KimiK2.5/SpringBoot3-CLI/web/target/web-0.0.1.jar started by wangsen in /home/wangsen/programe/EvaluationLLM/GSB0225/KimiK2.5/SpringBoot3-CLI)
2026-02-26 18:00:13.759 [main] INFO  com.rosy.WebApplication - The following 1 profile is active: "dev"
2026-02-26 18:00:18.013 [main] INFO  o.s.d.r.config.RepositoryConfigurationDelegate - Multiple Spring Data modules found, entering strict repository configuration mode
2026-02-26 18:00:18.019 [main] INFO  o.s.d.r.config.RepositoryConfigurationDelegate - Bootstrapping Spring Data Redis repositories in DEFAULT mode.
2026-02-26 18:00:18.106 [main] INFO  o.s.d.r.config.RepositoryConfigurationDelegate - Finished Spring Data repository scanning in 42 ms. Found 0 Redis repository interfaces.
2026-02-26 18:00:21.296 [main] INFO  o.s.boot.web.embedded.tomcat.TomcatWebServer - Tomcat initialized with port 8081 (http)
2026-02-26 18:00:21.325 [main] INFO  org.apache.coyote.http11.Http11NioProtocol - Initializing ProtocolHandler ["http-nio-0.0.0.0-8081"]
2026-02-26 18:00:21.330 [main] INFO  org.apache.catalina.core.StandardService - Starting service [Tomcat]
2026-02-26 18:00:21.331 [main] INFO  org.apache.catalina.core.StandardEngine - Starting Servlet engine: [Apache Tomcat/10.1.33]
2026-02-26 18:00:21.449 [main] INFO  o.a.c.core.ContainerBase.[Tomcat].[localhost].[/] - Initializing Spring embedded WebApplicationContext
2026-02-26 18:00:21.453 [main] INFO  o.s.b.w.s.c.ServletWebServerApplicationContext - Root WebApplicationContext: initialization completed in 7526 ms
2026-02-26 18:00:22.776 [main] INFO  com.zaxxer.hikari.HikariDataSource - HikariPool-1 - Starting...
2026-02-26 18:00:28.790 [main] INFO  o.s.s.c.a.a.c.InitializeUserDetailsBeanManagerConfigurer$InitializeUserDetailsManagerConfigurer - Global AuthenticationManager configured with UserDetailsService bean with name inMemoryUserDetailsManager
2026-02-26 18:00:36.862 [main] INFO  org.apache.coyote.http11.Http11NioProtocol - Starting ProtocolHandler ["http-nio-0.0.0.0-8081"]
2026-02-26 18:00:36.898 [main] INFO  o.s.boot.web.embedded.tomcat.TomcatWebServer - Tomcat started on port 8081 (http) with context path '/'
2026-02-26 18:00:36.929 [main] INFO  com.rosy.WebApplication - Started WebApplication in 24.826 seconds (process running for 29.801)
2026-02-26 18:01:17.137 [background-preinit] INFO  org.hibernate.validator.internal.util.Version - HV000001: Hibernate Validator 8.0.1.Final
2026-02-26 18:01:17.388 [main] INFO  com.rosy.WebApplication - Starting WebApplication v0.0.1 using Java 17.0.18 with PID 5 (/home/wangsen/programe/EvaluationLLM/GSB0225/KimiK2.5/SpringBoot3-CLI/web/target/web-0.0.1.jar started by wangsen in /home/wangsen/programe/EvaluationLLM/GSB0225/KimiK2.5/SpringBoot3-CLI)
2026-02-26 18:01:17.390 [main] INFO  com.rosy.WebApplication - The following 1 profile is active: "dev"
2026-02-26 18:01:20.700 [main] INFO  o.s.d.r.config.RepositoryConfigurationDelegate - Multiple Spring Data modules found, entering strict repository configuration mode
2026-02-26 18:01:20.712 [main] INFO  o.s.d.r.config.RepositoryConfigurationDelegate - Bootstrapping Spring Data Redis repositories in DEFAULT mode.
2026-02-26 18:01:20.813 [main] INFO  o.s.d.r.config.RepositoryConfigurationDelegate - Finished Spring Data repository scanning in 57 ms. Found 0 Redis repository interfaces.
2026-02-26 18:01:21.637 [main] INFO  o.s.boot.web.embedded.tomcat.TomcatWebServer - Tomcat initialized with port 8081 (http)
2026-02-26 18:01:21.666 [main] INFO  org.apache.coyote.http11.Http11NioProtocol - Initializing ProtocolHandler ["http-nio-0.0.0.0-8081"]
2026-02-26 18:01:21.670 [main] INFO  org.apache.catalina.core.StandardService - Starting service [Tomcat]
2026-02-26 18:01:21.671 [main] INFO  org.apache.catalina.core.StandardEngine - Starting Servlet engine: [Apache Tomcat/10.1.33]
2026-02-26 18:01:21.774 [main] INFO  o.a.c.core.ContainerBase.[Tomcat].[localhost].[/] - Initializing Spring embedded WebApplicationContext
2026-02-26 18:01:21.775 [main] INFO  o.s.b.w.s.c.ServletWebServerApplicationContext - Root WebApplicationContext: initialization completed in 4233 ms
2026-02-26 18:01:22.969 [main] INFO  com.zaxxer.hikari.HikariDataSource - HikariPool-1 - Starting...
2026-02-26 18:01:28.756 [main] INFO  o.s.s.c.a.a.c.InitializeUserDetailsBeanManagerConfigurer$InitializeUserDetailsManagerConfigurer - Global AuthenticationManager configured with UserDetailsService bean with name inMemoryUserDetailsManager
2026-02-26 18:03:16.100 [background-preinit] INFO  org.hibernate.validator.internal.util.Version - HV000001: Hibernate Validator 8.0.1.Final
2026-02-26 18:03:16.423 [main] INFO  com.rosy.WebApplication - Starting WebApplication v0.0.1 using Java 17.0.18 with PID 111 (/home/wangsen/programe/EvaluationLLM/GSB0225/KimiK2.5/SpringBoot3-CLI/web/target/web-0.0.1.jar started by wangsen in /home/wangsen/programe/EvaluationLLM/GSB0225/KimiK2.5/SpringBoot3-CLI)
2026-02-26 18:03:16.425 [main] INFO  com.rosy.WebApplication - The following 1 profile is active: "dev"
2026-02-26 18:03:21.413 [main] INFO  o.s.boot.web.embedded.tomcat.TomcatWebServer - Tomcat initialized with port 8082 (http)
2026-02-26 18:03:21.442 [main] INFO  org.apache.coyote.http11.Http11NioProtocol - Initializing ProtocolHandler ["http-nio-0.0.0.0-8082"]
2026-02-26 18:03:21.448 [main] INFO  org.apache.catalina.core.StandardService - Starting service [Tomcat]
2026-02-26 18:03:21.449 [main] INFO  org.apache.catalina.core.StandardEngine - Starting Servlet engine: [Apache Tomcat/10.1.33]
2026-02-26 18:03:21.583 [main] INFO  o.a.c.core.ContainerBase.[Tomcat].[localhost].[/] - Initializing Spring embedded WebApplicationContext
2026-02-26 18:03:21.584 [main] INFO  o.s.b.w.s.c.ServletWebServerApplicationContext - Root WebApplicationContext: initialization completed in 4982 ms
2026-02-26 18:03:22.929 [main] INFO  com.zaxxer.hikari.HikariDataSource - HikariPool-1 - Starting...
2026-02-26 18:03:26.364 [main] INFO  org.apache.catalina.core.StandardService - Stopping service [Tomcat]
2026-02-26 18:03:26.407 [main] INFO  o.s.b.a.logging.ConditionEvaluationReportLogger - 

Error starting ApplicationContext. To display the condition evaluation report re-run your application with 'debug' enabled.
2026-02-26 18:05:23.434 [background-preinit] INFO  org.hibernate.validator.internal.util.Version - HV000001: Hibernate Validator 8.0.1.Final
2026-02-26 18:05:23.680 [main] INFO  com.rosy.WebApplication - Starting WebApplication v0.0.1 using Java 17.0.18 with PID 3 (/home/wangsen/programe/EvaluationLLM/GSB0225/KimiK2.5/SpringBoot3-CLI/web/target/web-0.0.1.jar started by wangsen in /home/wangsen/programe/EvaluationLLM/GSB0225/KimiK2.5/SpringBoot3-CLI)
2026-02-26 18:05:23.682 [main] INFO  com.rosy.WebApplication - The following 1 profile is active: "dev"
2026-02-26 18:05:30.472 [main] INFO  o.s.boot.web.embedded.tomcat.TomcatWebServer - Tomcat initialized with port 8083 (http)
2026-02-26 18:05:30.504 [main] INFO  org.apache.coyote.http11.Http11NioProtocol - Initializing ProtocolHandler ["http-nio-0.0.0.0-8083"]
2026-02-26 18:05:30.509 [main] INFO  org.apache.catalina.core.StandardService - Starting service [Tomcat]
2026-02-26 18:05:30.510 [main] INFO  org.apache.catalina.core.StandardEngine - Starting Servlet engine: [Apache Tomcat/10.1.33]
2026-02-26 18:05:30.620 [main] INFO  o.a.c.core.ContainerBase.[Tomcat].[localhost].[/] - Initializing Spring embedded WebApplicationContext
2026-02-26 18:05:30.621 [main] INFO  o.s.b.w.s.c.ServletWebServerApplicationContext - Root WebApplicationContext: initialization completed in 6751 ms
2026-02-26 18:05:31.846 [main] INFO  com.zaxxer.hikari.HikariDataSource - HikariPool-1 - Starting...
2026-02-26 18:05:35.583 [main] INFO  org.apache.catalina.core.StandardService - Stopping service [Tomcat]
2026-02-26 18:05:35.622 [main] INFO  o.s.b.a.logging.ConditionEvaluationReportLogger - 

Error starting ApplicationContext. To display the condition evaluation report re-run your application with 'debug' enabled.
2026-02-26 18:06:46.109 [background-preinit] INFO  org.hibernate.validator.internal.util.Version - HV000001: Hibernate Validator 8.0.1.Final
2026-02-26 18:06:46.320 [main] INFO  com.rosy.WebApplication - Starting WebApplication v0.0.1 using Java 17.0.18 with PID 112 (/home/wangsen/programe/EvaluationLLM/GSB0225/KimiK2.5/SpringBoot3-CLI/web/target/web-0.0.1.jar started by wangsen in /home/wangsen/programe/EvaluationLLM/GSB0225/KimiK2.5/SpringBoot3-CLI)
2026-02-26 18:06:46.321 [main] INFO  com.rosy.WebApplication - The following 1 profile is active: "dev"
2026-02-26 18:06:52.997 [main] INFO  o.s.boot.web.embedded.tomcat.TomcatWebServer - Tomcat initialized with port 8084 (http)
2026-02-26 18:06:53.028 [main] INFO  org.apache.coyote.http11.Http11NioProtocol - Initializing ProtocolHandler ["http-nio-0.0.0.0-8084"]
2026-02-26 18:06:53.040 [main] INFO  org.apache.catalina.core.StandardService - Starting service [Tomcat]
2026-02-26 18:06:53.041 [main] INFO  org.apache.catalina.core.StandardEngine - Starting Servlet engine: [Apache Tomcat/10.1.33]
2026-02-26 18:06:53.175 [main] INFO  o.a.c.core.ContainerBase.[Tomcat].[localhost].[/] - Initializing Spring embedded WebApplicationContext
2026-02-26 18:06:53.176 [main] INFO  o.s.b.w.s.c.ServletWebServerApplicationContext - Root WebApplicationContext: initialization completed in 6704 ms
2026-02-26 18:06:54.439 [main] INFO  com.zaxxer.hikari.HikariDataSource - HikariPool-1 - Starting...
2026-02-26 18:06:56.944 [main] INFO  org.apache.catalina.core.StandardService - Stopping service [Tomcat]
2026-02-26 18:06:56.973 [main] INFO  o.s.b.a.logging.ConditionEvaluationReportLogger - 

Error starting ApplicationContext. To display the condition evaluation report re-run your application with 'debug' enabled.
2026-02-26 18:07:58.023 [background-preinit] INFO  org.hibernate.validator.internal.util.Version - HV000001: Hibernate Validator 8.0.1.Final
2026-02-26 18:07:58.256 [main] INFO  com.rosy.WebApplication - Starting WebApplication v0.0.1 using Java 17.0.18 with PID 111 (/home/wangsen/programe/EvaluationLLM/GSB0225/KimiK2.5/SpringBoot3-CLI/web/target/web-0.0.1.jar started by wangsen in /home/wangsen/programe/EvaluationLLM/GSB0225/KimiK2.5/SpringBoot3-CLI)
2026-02-26 18:07:58.259 [main] INFO  com.rosy.WebApplication - The following 1 profile is active: "dev"
2026-02-26 18:07:59.437 [main] INFO  o.s.b.a.logging.ConditionEvaluationReportLogger - 

Error starting ApplicationContext. To display the condition evaluation report re-run your application with 'debug' enabled.
2026-02-26 18:08:52.933 [background-preinit] INFO  org.hibernate.validator.internal.util.Version - HV000001: Hibernate Validator 8.0.1.Final
2026-02-26 18:08:53.179 [main] INFO  com.rosy.WebApplication - Starting WebApplication v0.0.1 using Java 17.0.18 with PID 116 (/home/wangsen/programe/EvaluationLLM/GSB0225/KimiK2.5/SpringBoot3-CLI/web/target/web-0.0.1.jar started by wangsen in /home/wangsen/programe/EvaluationLLM/GSB0225/KimiK2.5/SpringBoot3-CLI)
2026-02-26 18:08:53.180 [main] INFO  com.rosy.WebApplication - The following 1 profile is active: "dev"
2026-02-26 18:08:59.491 [main] INFO  o.s.boot.web.embedded.tomcat.TomcatWebServer - Tomcat initialized with port 8086 (http)
2026-02-26 18:08:59.523 [main] INFO  org.apache.coyote.http11.Http11NioProtocol - Initializing ProtocolHandler ["http-nio-0.0.0.0-8086"]
2026-02-26 18:08:59.529 [main] INFO  org.apache.catalina.core.StandardService - Starting service [Tomcat]
2026-02-26 18:08:59.530 [main] INFO  org.apache.catalina.core.StandardEngine - Starting Servlet engine: [Apache Tomcat/10.1.33]
2026-02-26 18:08:59.673 [main] INFO  o.a.c.core.ContainerBase.[Tomcat].[localhost].[/] - Initializing Spring embedded WebApplicationContext
2026-02-26 18:08:59.674 [main] INFO  o.s.b.w.s.c.ServletWebServerApplicationContext - Root WebApplicationContext: initialization completed in 6303 ms
2026-02-26 18:09:00.943 [main] INFO  com.zaxxer.hikari.HikariDataSource - HikariPool-1 - Starting...
2026-02-26 18:09:03.734 [main] INFO  org.apache.catalina.core.StandardService - Stopping service [Tomcat]
2026-02-26 18:09:03.774 [main] INFO  o.s.b.a.logging.ConditionEvaluationReportLogger - 

Error starting ApplicationContext. To display the condition evaluation report re-run your application with 'debug' enabled.
2026-02-26 18:10:12.059 [background-preinit] INFO  org.hibernate.validator.internal.util.Version - HV000001: Hibernate Validator 8.0.1.Final
2026-02-26 18:10:12.300 [main] INFO  com.rosy.WebApplication - Starting WebApplication v0.0.1 using Java 17.0.18 with PID 111 (/home/wangsen/programe/EvaluationLLM/GSB0225/KimiK2.5/SpringBoot3-CLI/web/target/web-0.0.1.jar started by wangsen in /home/wangsen/programe/EvaluationLLM/GSB0225/KimiK2.5/SpringBoot3-CLI)
2026-02-26 18:10:12.302 [main] INFO  com.rosy.WebApplication - The following 1 profile is active: "dev"
2026-02-26 18:10:19.827 [main] INFO  o.s.boot.web.embedded.tomcat.TomcatWebServer - Tomcat initialized with port 8087 (http)
2026-02-26 18:10:19.863 [main] INFO  org.apache.coyote.http11.Http11NioProtocol - Initializing ProtocolHandler ["http-nio-0.0.0.0-8087"]
2026-02-26 18:10:19.867 [main] INFO  org.apache.catalina.core.StandardService - Starting service [Tomcat]
2026-02-26 18:10:19.868 [main] INFO  org.apache.catalina.core.StandardEngine - Starting Servlet engine: [Apache Tomcat/10.1.33]
2026-02-26 18:10:19.981 [main] INFO  o.a.c.core.ContainerBase.[Tomcat].[localhost].[/] - Initializing Spring embedded WebApplicationContext
2026-02-26 18:10:19.982 [main] INFO  o.s.b.w.s.c.ServletWebServerApplicationContext - Root WebApplicationContext: initialization completed in 7499 ms
2026-02-26 18:10:21.243 [main] INFO  com.zaxxer.hikari.HikariDataSource - HikariPool-1 - Starting...
2026-02-26 18:10:24.985 [main] INFO  o.s.s.c.a.a.c.InitializeUserDetailsBeanManagerConfigurer$InitializeUserDetailsManagerConfigurer - Global AuthenticationManager configured with UserDetailsService bean with name inMemoryUserDetailsManager
2026-02-26 18:10:31.788 [main] INFO  org.apache.coyote.http11.Http11NioProtocol - Starting ProtocolHandler ["http-nio-0.0.0.0-8087"]
2026-02-26 18:10:31.845 [main] INFO  o.s.boot.web.embedded.tomcat.TomcatWebServer - Tomcat started on port 8087 (http) with context path '/'
2026-02-26 18:10:31.884 [main] INFO  com.rosy.WebApplication - Started WebApplication in 18.525 seconds (process running for 22.857)
2026-02-26 18:10:55.918 [http-nio-0.0.0.0-8087-exec-2] INFO  o.a.c.core.ContainerBase.[Tomcat].[localhost].[/] - Initializing Spring DispatcherServlet 'dispatcherServlet'
2026-02-26 18:10:55.919 [http-nio-0.0.0.0-8087-exec-2] INFO  org.springframework.web.servlet.DispatcherServlet - Initializing Servlet 'dispatcherServlet'
2026-02-26 18:10:55.925 [http-nio-0.0.0.0-8087-exec-2] INFO  org.springframework.web.servlet.DispatcherServlet - Completed initialization in 5 ms
2026-02-26 18:10:56.285 [http-nio-0.0.0.0-8087-exec-2] INFO  com.zaxxer.hikari.HikariDataSource - HikariPool-1 - Starting...
2026-02-26 18:11:03.845 [http-nio-0.0.0.0-8087-exec-1] INFO  com.zaxxer.hikari.HikariDataSource - HikariPool-1 - Starting...
2026-02-26 18:11:56.149 [background-preinit] INFO  org.hibernate.validator.internal.util.Version - HV000001: Hibernate Validator 8.0.1.Final
2026-02-26 18:11:56.513 [main] INFO  com.rosy.WebApplication - Starting WebApplication v0.0.1 using Java 17.0.18 with PID 109 (/home/wangsen/programe/EvaluationLLM/GSB0225/KimiK2.5/SpringBoot3-CLI/web/target/web-0.0.1.jar started by wangsen in /home/wangsen/programe/EvaluationLLM/GSB0225/KimiK2.5/SpringBoot3-CLI)
2026-02-26 18:11:56.515 [main] INFO  com.rosy.WebApplication - The following 1 profile is active: "dev"
2026-02-26 18:12:03.886 [main] INFO  o.s.boot.web.embedded.tomcat.TomcatWebServer - Tomcat initialized with port 8088 (http)
2026-02-26 18:12:03.925 [main] INFO  org.apache.coyote.http11.Http11NioProtocol - Initializing ProtocolHandler ["http-nio-0.0.0.0-8088"]
2026-02-26 18:12:03.930 [main] INFO  org.apache.catalina.core.StandardService - Starting service [Tomcat]
2026-02-26 18:12:03.931 [main] INFO  org.apache.catalina.core.StandardEngine - Starting Servlet engine: [Apache Tomcat/10.1.33]
2026-02-26 18:12:04.105 [main] INFO  o.a.c.core.ContainerBase.[Tomcat].[localhost].[/] - Initializing Spring embedded WebApplicationContext
2026-02-26 18:12:04.106 [main] INFO  o.s.b.w.s.c.ServletWebServerApplicationContext - Root WebApplicationContext: initialization completed in 7245 ms
2026-02-26 18:12:06.384 [main] INFO  com.zaxxer.hikari.HikariDataSource - HikariPool-1 - Starting...
2026-02-26 18:12:07.844 [main] INFO  com.zaxxer.hikari.pool.HikariPool - HikariPool-1 - Added connection conn0: url=jdbc:h2:mem:example user=SA
2026-02-26 18:12:07.850 [main] INFO  com.zaxxer.hikari.HikariDataSource - HikariPool-1 - Start completed.
2026-02-26 18:12:11.673 [main] INFO  o.s.s.c.a.a.c.InitializeUserDetailsBeanManagerConfigurer$InitializeUserDetailsManagerConfigurer - Global AuthenticationManager configured with UserDetailsService bean with name inMemoryUserDetailsManager
2026-02-26 18:12:16.796 [main] INFO  org.apache.coyote.http11.Http11NioProtocol - Starting ProtocolHandler ["http-nio-0.0.0.0-8088"]
2026-02-26 18:12:16.844 [main] INFO  o.s.boot.web.embedded.tomcat.TomcatWebServer - Tomcat started on port 8088 (http) with context path '/'
2026-02-26 18:12:16.868 [main] INFO  com.rosy.WebApplication - Started WebApplication in 21.901 seconds (process running for 26.94)
2026-02-26 18:12:35.917 [http-nio-0.0.0.0-8088-exec-1] INFO  o.a.c.core.ContainerBase.[Tomcat].[localhost].[/] - Initializing Spring DispatcherServlet 'dispatcherServlet'
2026-02-26 18:12:35.923 [http-nio-0.0.0.0-8088-exec-1] INFO  org.springframework.web.servlet.DispatcherServlet - Initializing Servlet 'dispatcherServlet'
2026-02-26 18:12:35.930 [http-nio-0.0.0.0-8088-exec-1] INFO  org.springframework.web.servlet.DispatcherServlet - Completed initialization in 4 ms
2026-02-26 18:12:42.229 [http-nio-0.0.0.0-8088-exec-3] INFO  c.r.m.m.m.service.impl.MeetingRoomServiceImpl - 创建会议室成功: 会议室A
